../User/display/lcd/src/lcd_mid.c:74:6:TransferDoneISR	8	static
../User/display/lcd/src/lcd_mid.c:88:6:lcdInit	24	static
../User/display/lcd/src/lcd_mid.c:122:6:lcdIsInit	4	static
../User/display/lcd/src/lcd_mid.c:128:6:lcdReset	8	static
../User/display/lcd/src/lcd_mid.c:134:9:lcdGetBackLight	4	static
../User/display/lcd/src/lcd_mid.c:140:6:lcdSetBackLight	16	static
../User/display/lcd/src/lcd_mid.c:160:18:lcdClear	8	static
../User/display/lcd/src/lcd_mid.c:168:18:lcdClearBuffer	8	static
../User/display/lcd/src/lcd_mid.c:179:6:lcdDrawAvailable	4	static
../User/display/lcd/src/lcd_mid.c:185:6:lcdRequestDraw	16	static
../User/display/lcd/src/lcd_mid.c:201:6:lcdUpdateDraw	8	static
../User/display/lcd/src/lcd_mid.c:211:6:lcdSetWindow	24	static
../User/display/lcd/src/lcd_mid.c:217:6:lcdDisplayOff	4	static
../User/display/lcd/src/lcd_mid.c:222:6:lcdDisplayOn	8	static
../User/display/lcd/src/lcd_mid.c:228:10:lcdGetFps	4	static
../User/display/lcd/src/lcd_mid.c:234:10:lcdGetFpsTime	4	static
../User/display/lcd/src/lcd_mid.c:240:10:lcdGetDrawTime	4	static
../User/display/lcd/src/lcd_mid.c:246:9:lcdGetWidth	4	static
../User/display/lcd/src/lcd_mid.c:252:9:lcdGetHeight	4	static
../User/display/lcd/src/lcd_mid.c:258:11:lcdGetFrameBuffer	4	static
../User/display/lcd/src/lcd_mid.c:264:11:lcdGetCurrentFrameBuffer	4	static
../User/display/lcd/src/lcd_mid.c:270:22:lcdReadPixel	0	static
../User/display/lcd/src/lcd_mid.c:276:18:lcdDrawPixel	0	static
../User/display/lcd/src/lcd_mid.c:282:6:lcdDrawLine	48	static
../User/display/lcd/src/lcd_mid.c:337:6:lcdDrawLineBuffer	48	static
../User/display/lcd/src/lcd_mid.c:406:6:lcdDrawVLine	32	static
../User/display/lcd/src/lcd_mid.c:412:6:lcdDrawHLine	32	static
../User/display/lcd/src/lcd_mid.c:418:6:lcdDrawFillScreen	24	static
../User/display/lcd/src/lcd_mid.c:424:6:lcdDrawRect	24	static
../User/display/lcd/src/lcd_mid.c:433:6:lcdDrawFillRect	32	static
../User/display/lcd/src/lcd_mid.c:442:18:lcdDrawFillCircle	48	static
../User/display/lcd/src/lcd_mid.c:474:18:lcdDrawCircleHelper	56	static
../User/display/lcd/src/lcd_mid.c:516:18:lcdDrawFillCircleHelper	56	static
../User/display/lcd/src/lcd_mid.c:552:18:lcdDrawRoundRect	64	static
../User/display/lcd/src/lcd_mid.c:568:18:lcdDrawFillRoundRect	40	static
../User/display/lcd/src/lcd_mid.c:579:18:lcdDrawTriangle	40	static
../User/display/lcd/src/lcd_mid.c:587:18:lcdDrawFillTriangle	80	dynamic
../User/display/lcd/src/lcd_mid.c:624:6:lcdPrintf	348	static
../User/display/lcd/src/lcd_mid.c:668:10:lcdGetStrWidth	328	static
../User/display/lcd/src/lcd_mid.c:700:6:disHanFont	40	static
../User/display/lcd/src/lcd_mid.c:735:18:lcdDrawImage_1	32	static
../User/display/lcd/src/lcd_mid.c:766:18:lcdDrawImage_2	32	static
../User/display/lcd/src/lcd_mid.c:794:18:lcdDrawBackupImage	32	static
../User/display/lcd/src/lcd_mid.c:828:18:lcdBackupImage	32	static
../User/display/lcd/src/lcd_mid.c:861:18:lcdDrawImage_Move	48	static
../User/display/lcd/src/lcd_mid.c:994:18:lcdDrawImage_GradAtoB	48	static
../User/display/lcd/src/lcd_mid.c:1137:9:lcdDrawChar	56	static
../User/display/lcd/src/lcd_mid.c:1257:10:lcdDrawString	72	static
../User/display/lcd/src/lcd_mid.c:1344:6:lprintf	208	static
../User/display/lcd/src/lcd_mid.c:1368:6:cliLcd	48	static
