../User/Src/cli_mid.c:110:6:cliInit	8	static
../User/Src/cli_mid.c:135:6:cliOpen	16	static
../User/Src/cli_mid.c:145:6:cliOpenLog	24	static
../User/Src/cli_mid.c:161:6:cliLogClose	4	static
../User/Src/cli_mid.c:167:6:cliShowLog	24	static
../User/Src/cli_mid.c:187:6:cliShowPrompt	16	static
../User/Src/cli_mid.c:193:6:cliMain	16	static
../User/Src/cli_mid.c:213:6:cliUpdate	56	static
../User/Src/cli_mid.c:424:6:cliLineClean	16	static
../User/Src/cli_mid.c:432:6:cliLineAdd	16	static
../User/Src/cli_mid.c:447:6:cliLineChange	24	static
../User/Src/cli_mid.c:489:6:cliRunCmd	24	static
../User/Src/cli_mid.c:515:6:cliParseArgs	40	static
../User/Src/cli_mid.c:547:6:cliPrintf	24	static
../User/Src/cli_mid.c:561:6:cliToUpper	24	static
../User/Src/cli_mid.c:588:9:cliArgsGetData	24	static
../User/Src/cli_mid.c:604:7:cliArgsGetFloat	24	static
../User/Src/cli_mid.c:620:7:cliArgsGetStr	24	static
../User/Src/cli_mid.c:636:6:cliArgsIsStr	24	static
../User/Src/cli_mid.c:655:6:cliKeepLoop	16	static
../User/Src/cli_mid.c:681:6:cliAdd	32	static
../User/Src/cli_mid.c:704:6:cliShowList	24	static
../User/Src/cli_mid.c:721:6:cliMemoryDump	56	static
