../User/Src/main_mid.c:21:6:delay	16	static
../User/Src/main_mid.c:27:10:millis	8	static
../User/Src/main_mid.c:33:9:msWait_ExistListScan	24	static
../User/Src/main_mid.c:49:9:msWait_EmptyListScan	16	static
../User/Src/main_mid.c:74:6:msWait	208	static
../User/Src/main_mid.c:135:6:msWait_Delete	184	static
../User/Src/main_mid.c:165:6:msWait_EndedListCleaning	24	static
../User/Src/main_mid.c:202:5:__io_putchar	16	static
../User/Src/main_mid.c:210:10:Float2Hex	32	static
../User/Src/main_mid.c:230:7:Hex2Float	24	static
